
> smartlab-app@0.1.0 dev
> next dev

 ⚠ Port 3000 is in use, trying 3001 instead.
 ⚠ Port 3001 is in use, trying 3002 instead.
 ⚠ Port 3002 is in use, trying 3003 instead.
 ⚠ Port 3003 is in use, trying 3004 instead.
 ⚠ Port 3004 is in use, trying 3005 instead.
  ▲ Next.js 14.2.4
  - Local:        http://localhost:3005

 ✓ Starting...
 ✓ Ready in 2.5s
 ○ Compiling / ...
 ⨯ ./apps/smartlab/components/grid/GridCell.tsx:5:1
Module not found: Can't resolve 'apps/smartlab/core/grid/audit'
[0m [90m 3 |[39m [36mimport[39m { [33mCell[39m[33m,[39m [33mTable[39m } [36mfrom[39m [32m'@tanstack/react-table'[39m[33m;[39m[0m
[0m [90m 4 |[39m [36mimport[39m { [33mLot[39m } [36mfrom[39m [32m'apps/smartlab/core/grid/types'[39m[33m;[39m[0m
[0m[31m[1m>[22m[39m[90m 5 |[39m [36mimport[39m { appendAudit } [36mfrom[39m [32m'apps/smartlab/core/grid/audit'[39m[33m;[39m[0m
[0m [90m   |[39m [31m[1m^[22m[39m[0m
[0m [90m 6 |[39m[0m
[0m [90m 7 |[39m [90m// Placeholder for permission logic[39m[0m
[0m [90m 8 |[39m [36mconst[39m useCanEdit [33m=[39m (row[33m:[39m [33mLot[39m) [33m=>[39m {[0m

https://nextjs.org/docs/messages/module-not-found

Import trace for requested module:
./app/page.tsx
 ⨯ ./apps/smartlab/components/grid/GridCell.tsx:5:1
Module not found: Can't resolve 'apps/smartlab/core/grid/audit'
[0m [90m 3 |[39m [36mimport[39m { [33mCell[39m[33m,[39m [33mTable[39m } [36mfrom[39m [32m'@tanstack/react-table'[39m[33m;[39m[0m
[0m [90m 4 |[39m [36mimport[39m { [33mLot[39m } [36mfrom[39m [32m'apps/smartlab/core/grid/types'[39m[33m;[39m[0m
[0m[31m[1m>[22m[39m[90m 5 |[39m [36mimport[39m { appendAudit } [36mfrom[39m [32m'apps/smartlab/core/grid/audit'[39m[33m;[39m[0m
[0m [90m   |[39m [31m[1m^[22m[39m[0m
[0m [90m 6 |[39m[0m
[0m [90m 7 |[39m [90m// Placeholder for permission logic[39m[0m
[0m [90m 8 |[39m [36mconst[39m useCanEdit [33m=[39m (row[33m:[39m [33mLot[39m) [33m=>[39m {[0m

https://nextjs.org/docs/messages/module-not-found

Import trace for requested module:
./app/page.tsx
 ⨯ ./apps/smartlab/components/grid/GridCell.tsx:5:1
Module not found: Can't resolve 'apps/smartlab/core/grid/audit'
[0m [90m 3 |[39m [36mimport[39m { [33mCell[39m[33m,[39m [33mTable[39m } [36mfrom[39m [32m'@tanstack/react-table'[39m[33m;[39m[0m
[0m [90m 4 |[39m [36mimport[39m { [33mLot[39m } [36mfrom[39m [32m'apps/smartlab/core/grid/types'[39m[33m;[39m[0m
[0m[31m[1m>[22m[39m[90m 5 |[39m [36mimport[39m { appendAudit } [36mfrom[39m [32m'apps/smartlab/core/grid/audit'[39m[33m;[39m[0m
[0m [90m   |[39m [31m[1m^[22m[39m[0m
[0m [90m 6 |[39m[0m
[0m [90m 7 |[39m [90m// Placeholder for permission logic[39m[0m
[0m [90m 8 |[39m [36mconst[39m useCanEdit [33m=[39m (row[33m:[39m [33mLot[39m) [33m=>[39m {[0m

https://nextjs.org/docs/messages/module-not-found

Import trace for requested module:
./app/page.tsx
 GET / 500 in 9999ms
